// Jest Snapshot v1, https://goo.gl/fbAQLP

exports[`GifItem debe hacer match con snapshot 1`] = `
<div>
  <div
    class="card"
  >
    <img
      alt="Test Title"
      src="https://example.com/image.jpg"
    />
    <p>
      Test Title
    </p>
  </div>
</div>
`;
